// Jest Snapshot v1, https://goo.gl/fbAQLP

exports[`Document symbol outline latest 1`] = `undefined`;
