[spurious_branches] Block #0

5: LOAD            D2               5      
6: CASTBOOLF       D2              
	D2 = Bool(D2)
7: COMPAREV        D2               1      
	D2 = Bool(D2)
8: SETMORE         D2              
	D2 = Bool(D2)
9: COMPAREV        D2               1      
	D2 = Bool(D2)
10: GOTOMORE        14              
	D2 = Bool(D2)
inferred D2: 1
14: SETMORE         D2              
	D2 = 1
15: COMPAREV        D2               0      
	D2 = 1
16: GOTOCMP         18               ==     
	D2 = 1
17: SETV            D2               1      
	D2 = 1
18: RETURNFUNC     
	D2 = 1
	side_effects
rewrite 10: GOTOCMP         17               >=     

[reduce_comparisons] Block #0

6: CASTBOOLF       D2              
	D2 = Bool(D2)
7: COMPAREV        D2               1      
	D2 = Bool(D2)
8: SETMORE         D2              
	D2 = Bool(D2)
9: COMPAREV        D2               1      
	D2 = Bool(D2)
10: GOTOCMP         17               >=     
	D2 = Bool(D2)
rewrite 6: 5 -> 2 commands
6: COMPAREV        D2               0      
7: GOTOCMP         17               !=     
8: NOP            
9: NOP            
10: NOP            

[reduce_comparisons] Block #1

12: CASTBOOLF       D2              
	D2 = Bool(D2)
13: COMPAREV        D2               1      
	D2 = Bool(D2)
14: SETMORE         D2              
	D2 = Bool(D2)
15: COMPAREV        D2               0      
	D2 = Bool(D2)
16: GOTOCMP         18               ==     
	D2 = Bool(D2)
rewrite 12: 5 -> 3 commands
12: COMPAREV        D2               0      
13: SETCMP          D2               !=     
14: GOTOCMP         18               ==     
15: NOP            
16: NOP            

[spurious_branches] Block #0

19: LOAD            D2               0      
20: LOAD            D3               1      
21: COMPARER        D3               D2     
22: SETMORE         D2              
	D2 = D3 >= D2
23: COMPAREV        D2               0      
	D2 = D3 >= D2
24: SETTRUEI        D2              
	D2 = D3 I< D2
25: COMPAREV        D2               1      
	D2 = D3 I< D2
26: GOTOCMP         28               >=     
	D2 = D3 I< D2
inferred D2: 10000
28: SETMOREI        D2              
	D2 = 10000
29: COMPAREV        D2               0      
	D2 = 10000
30: SETTRUEI        D2              
	D2 = 0
31: GOTO            33              
	D2 = 0
33: RETURNFUNC     
	D2 = 0
	side_effects
rewrite 26: GOTOCMP         28               >=     

[reduce_comparisons] Block #0

21: COMPARER        D3               D2     
22: SETMORE         D2              
	D2 = D3 >= D2
23: COMPAREV        D2               0      
	D2 = D3 >= D2
24: SETTRUEI        D2              
	D2 = D3 I< D2
25: COMPAREV        D2               1      
	D2 = D3 I< D2
26: GOTOCMP         28               >=     
	D2 = D3 I< D2

[reduce_comparisons] Block #0

23: COMPAREV        D2               0      
24: SETTRUEI        D2              
	D2 = !IBool(D2)
25: COMPAREV        D2               1      
	D2 = !IBool(D2)
26: GOTOCMP         28               >=     
	D2 = !IBool(D2)

[reduce_comparisons] Block #0

25: COMPAREV        D2               1      
26: GOTOCMP         28               >=     

[spurious_branches] Block #0

34: SETV            D3               5      
	D3 = 5
35: COMPAREV        D3               10     
	D3 = 5
36: SETLESS         D2              
	D2 = 1
	D3 = 5
37: COMPAREV        D2               0      
	D2 = 1
	D3 = 5
38: GOTOTRUE        41              
	D2 = 1
	D3 = 5
inferred D2: 0
41: SETV            D2               99     
	D2 = 99
	D3 = 5
42: RETURNFUNC     
	D2 = 99
	D3 = 5
	side_effects
rewrite 38: GOTOCMP         41               ==     

[reduce_comparisons] Block #0

35: COMPAREV        D3               10     
36: SETLESS         D2              
	D2 = D3 <= 10
37: COMPAREV        D2               0      
	D2 = D3 <= 10
38: GOTOCMP         41               ==     
	D2 = D3 <= 10
rewrite 35: 4 -> 3 commands
35: COMPAREV        D3               10     
36: SETCMP          D2               <=     
37: GOTOCMP         41               >      
38: NOP            
Function #0 (run_none-0)
    0: CALLFUNC        5                            [Block 0 -> ][Call Function #1]
    1: CALLFUNC        19                           [Call Function #2]
    2: CALLFUNC        34                           [Call Function #3]
    3: NOP
    4: QUIT


Function #1
    5: LOAD            D2               5           [Block 0 -> 1, 3]
    6: COMPAREV        D2               0
    7: GOTOCMP         17               !=
    8: NOP                                          [Block 1 -> 2, 4]
    9: NOP
   10: NOP
   11: LOAD            D2               6
   12: COMPAREV        D2               0
   13: SETCMP          D2               !=
   14: GOTOCMP         18               ==
   15: NOP                                          [Block 2 -> 3]
   16: NOP
   17: SETV            D2               1           [Block 3 -> 4]
   18: RETURNFUNC                                   [Block 4 -> ]


Function #2
   19: LOAD            D2               0           [Block 0 -> 1, 2]
   20: LOAD            D3               1
   21: COMPARER        D3               D2
   22: SETMORE         D2
   23: COMPAREV        D2               0
   24: SETTRUEI        D2
   25: COMPAREV        D2               1
   26: GOTOCMP         28               >=
   27: TRACEV          1                            [Block 1 -> 2]
   28: SETMOREI        D2                           [Block 2 -> 4]
   29: COMPAREV        D2               0
   30: SETTRUEI        D2
   31: GOTO            33
   32: NOP                                          [Block 3 -> 4]
   33: RETURNFUNC                                   [Block 4 -> ]


Function #3
   34: SETV            D3               5           [Block 0 -> 1, 2]
   35: COMPAREV        D3               10
   36: SETCMP          D2               <=
   37: GOTOCMP         41               >
   38: NOP                                          [Block 1 -> ]
   39: TRACER          D2
   40: QUIT
   41: SETV            D2               99          [Block 2 -> ]
   42: RETURNFUNC
