rewrite 4: 2 -> 2 commands
4: POP             D3              
5: SINR            D2              D3     
rewrite 10: 2 -> 2 commands
10: PEEKATV         D0              0      
11: ADDR            D2              D0     
rewrite 13: 3 -> 2 commands
13: POP             D2              
14: ADDR            D2              D0     
15: NOP            
rewrite 21: 2 -> 1 commands
21: SETR            D2              LINKX  
22: NOP            
rewrite 23: 3 -> 2 commands
23: POP             D2              
24: ADDR            D2              D0     
25: NOP            
remove 21: SETR            D2              LINKX  
remove 4: SETR            D3              D2     
remove 35: SETR            D4              SP2    
Function #0
    0: SETR            D4              SP2          [Block 0 -> ]
    1: PUSHARGSR       SP2             1
    2: LOAD            D2              7
    3: NOP
    4: NOP
    5: SINR            D2              D2
    6: PUSHR           D2
    7: NOP
    8: LOAD            D2              7
    9: PUSHR           D2
   10: PEEKATV         D0              0
   11: ADDR            D2              D0
   12: NOP
   13: NOP
   14: ADDR            D2              D0
   15: NOP
   16: PUSHR           D2
   17: PUSHR           D4
   18: CALLFUNC        35                           [Call Function #1]
   19: POP             D4
   20: PUSHARGSR       D4              1
   21: NOP
   22: NOP
   23: POP             D2
   24: ADDR            D2              D0
   25: NOP
   26: TRACER          D2
   27: POP             D4
   28: TRACER          D4
   29: NOP
   30: QUIT
   31: NOP
   32: NOP
   33: NOP
   34: NOP


Function #1
   35: NOP                                          [Block 0 -> ]
   36: SETR            D2              INPUTA
   37: GOTO            31
   38: RETURNFUNC
   39: NOP
   40: NOP
   41: NOP
   42: NOP
   43: NOP
   44: NOP
   45: NOP
   46: NOP
   47: NOP
   48: NOP
   49: NOP
   50: NOP
   51: NOP
