remove 38: SETR            D5              D3     
rewrite 9: 2 -> 2 commands
9: POP             D2              
10: ARRAYSIZE       D2              
rewrite 20: 2 -> 2 commands
20: POP             D3              
21: SETR            D2              LINKX  
rewrite 33: 2 -> 2 commands
33: POP             D2              
34: ABS             D2              
remove 24: SETR            D3              LINKX  
remove 20: SETR            D3              GD0    
remove 58: SETV            D3              0      
remove 42: SETV            D2              0      
Function #0
    0: SETR            D4              SP2          [Block 0 -> ]
    1: NOP
    2: NOP
    3: NOP
    4: NOP
    5: NOP
    6: NOP
    7: NOP
    8: NOP
    9: SETR            D2              GD0
   10: ARRAYSIZE       D2
   11: PUSHR           D2
   12: PUSHR           D4
   13: NOP
   14: NOP
   15: NOP
   16: NOP
   17: NOP
   18: NOP
   19: NOP
   20: NOP
   21: NOP
   22: NOP
   23: SETV            D2              80000
   24: NOP
   25: ADDR            D2              LINKX
   26: PUSHR           D2
   27: CALLFUNC        42                           [Call Function #1]
   28: POP             D4
   29: POP             D3
   30: SUBR            D3              D2
   31: NOP
   32: NOP
   33: SETR            D2              D3
   34: ABS             D2
   35: TRACER          D2
   36: QUIT
   37: NOP
   38: NOP
   39: NOP
   40: NOP
   41: NOP


Function #1
   42: NOP                                          [Block 0 -> ]
   43: SETR            D4              SP2
   44: NOP
   45: NOP
   46: LOAD            D2              0
   47: PUSHR           D2
   48: SETV            D2              40000
   49: POP             D3
   50: RSHIFTR         D3              D2
   51: NOP
   52: NOP
   53: SETV            D2              40000
   54: NOP
   55: LSHIFTR         D3              D2
   56: SETR            D2              D3
   57: GOTO            1784
   58: NOP
   59: POP             D3
   60: NOP
   61: RETURNFUNC
   62: NOP
   63: NOP
   64: NOP
   65: NOP
   66: NOP
   67: NOP
   68: NOP
   69: NOP
