stderr:

Compiling 'errors_enum_1.zs'
Pass 1: Parsing
Pass 2: Preprocessing
Pass 3: Registration
Pass 4: Analyzing Code
Pass 5: Checking code paths
Pass 6: Generating object code
Pass 7: Assembling
Success!
Compile finished with exit code '0' (success)

stdout:

{
  "success": true,
  "diagnostics": [],
  "metadata": {
    "currentFileSymbols": 5,
    "symbols": 8,
    "identifiers": 9,
    "elided": true
  }
}

zasm:

QUIT; void run() Body
